---
source: core-context/src/world_state/permissions_tests.rs
expression: "render_section_cases(&[(Absent, Absent), (Absent, Known(&read_only)),\n(Known(&read_only), Known(&read_only)),\n(Known(&read_only), Known(&full_access)),\n(Known(&read_only), Known(&never_ask)), (Unknown, Known(&read_only)),])"
---
Absent -> Absent
None

Absent -> "2711a0c26d706ba7628bf983ed1cd290393229c5" (role - developer)
<permissions instructions>
Read only.
Ask for approval.
</permissions instructions>

"2711a0c26d706ba7628bf983ed1cd290393229c5" -> "2711a0c26d706ba7628bf983ed1cd290393229c5"
None

"2711a0c26d706ba7628bf983ed1cd290393229c5" -> "3173f0414b403f67ef6297996dd309d7bc463afb" (role - developer)
<permissions instructions>
Full access.
Ask for approval.
</permissions instructions>

"2711a0c26d706ba7628bf983ed1cd290393229c5" -> "8146fe7d71e295b3add1368ef89d9bd30e40bcef" (role - developer)
<permissions instructions>
Read only.
Approval policy is currently never. Do not provide the `sandbox_permissions` for any reason, commands will be rejected.
</permissions instructions>

Unknown -> "2711a0c26d706ba7628bf983ed1cd290393229c5" (role - developer)
<permissions instructions>
Read only.
Ask for approval.
</permissions instructions>
