---
source: tui-chatwidget/src/chatwidget/tests/popups_and_settings.rs
expression: "render_bottom_popup(&chat, 100)"
---
  Model Manager
  Manage provider credentials, defaults, instructions, and token limits.

› 1. OpenAI     smart: gpt-5.6-sol · fast: gpt-5.6-luna · auth: OAuth
  2. Anthropic  smart: claude-fable-5-1 · fast: claude-haiku-4-5-20251001 · auth: API key

  Press enter to confirm or esc to go back
