---
source: tui-completion/src/command_popup.rs
assertion_line: 401
expression: "format!(\"{buf:?}\")"
---
Buffer {
    area: Rect { x: 0, y: 0, width: 72, height: 1 },
    content: [
        "  /app  continue this session in the Desktop app                        ",
    ],
    styles: [
        x: 0, y: 0, fg: Reset, bg: Reset, underline: Reset, modifier: NONE,
        x: 2, y: 0, fg: Rgb(0, 139, 148), bg: Reset, underline: Reset, modifier: BOLD,
        x: 48, y: 0, fg: Reset, bg: Reset, underline: Reset, modifier: NONE,
    ]
}
