---
source: tui/src/bottom_pane/mod.rs
expression: "render_snapshot(&pane, area)"
---
Working (0s • esc to interrupt)                                 
                                                                
• Agents                                                        
  └ □ reviewer (0s, openai/gpt-5.5, 42k)                        
    □ integration [worker] (0s, openai/gpt-5.5)                 
                                                                
• Tasks 0/2                                                     
  └ □ Build prompts and launch reviewer team                    
    □ Collect outputs and triage findings                       
────────────────────────────────────────────────────────────────
❯ Ask Codex to do anything                                      
                                                                
  ? for shortcuts                            100% context left
