---
source: tui/src/bottom_pane/chat_composer.rs
expression: "frames.join(\"\\n\\n\")"
---
idle standard
text:        ╰──────────────────gpt-5.6-terra─medium╯
model_color:                    ^^^^^^^^^^^^^
effort_color:                                  ^^^^^^
red:         <none>
background:                     ^^^^^^^^^^^^^ ^^^^^^

idle fast
text:        ╰─────────────gpt-5.6-terra─medium─fast╯
model_color:               ^^^^^^^^^^^^^
effort_color:                             ^^^^^^
red:                                            ^^^^
background:                ^^^^^^^^^^^^^ ^^^^^^ ^^^^

active standard
text:        ╰───────────────gpt-5.6-terra─medium─5s╯
model_color:                 ^^^^^^^^^^^^^
effort_color:                               ^^^^^^
red:         <none>
background:                  ^^^^^^^^^^^^^ ^^^^^^ ^^

active fast
text:        ╰──────────gpt-5.6-terra─medium─fast─5s╯
model_color:            ^^^^^^^^^^^^^
effort_color:                          ^^^^^^
red:                                         ^^^^
background:             ^^^^^^^^^^^^^ ^^^^^^ ^^^^ ^^
